<html>
<body>
<pre>
<h1>µVision Build Log</h1>
<h2>Tool Versions:</h2>
IDE-Version: ¶ÃVision V5.41.0.0
Copyright (C) 2024 ARM Ltd and ARM Germany GmbH. All rights reserved.
License Information: ≥© ¡ı, HP Inc., LIC=X96CK-Z7IR5-748S0-B815K-TS543-TTYMH
 
Tool Versions:
Toolchain:       MDK-ARM Plus  Version: 5.41.0.0
Toolchain Path:  D:\MyStudy\keil5\ARM\ARMCC\Bin
C Compiler:      Armcc.exe V5.06 update 5 (build 528)
Assembler:       Armasm.exe V5.06 update 5 (build 528)
Linker/Locator:  ArmLink.exe V5.06 update 5 (build 528)
Library Manager: ArmAr.exe V5.06 update 5 (build 528)
Hex Converter:   FromElf.exe V5.06 update 5 (build 528)
CPU DLL:         SARMCM3.DLL V5.41.0.0
Dialog DLL:      DCM.DLL V1.17.5.0
Target DLL:      STLink\ST-LINKIII-KEIL_SWO.dll V3.3.0.0
Dialog DLL:      TCM.DLL V1.56.4.0
 
<h2>Project:</h2>
D:\stm32_demo\cxcy\MDK-ARM\cxcy.uvprojx
Project File Date:  03/18/2026

<h2>Output:</h2>
*** Using Compiler 'V5.06 update 5 (build 528)', folder: 'D:\MyStudy\keil5\ARM\ARMCC\Bin'
Build target 'cxcy'
assembling startup_stm32f407xx.s...
compiling lv_disp.c...
compiling kalman_filter.c...
compiling lv_group.c...
compiling lv_event.c...
..\lvgl\lvgl\src\core\lv_event.c(120): warning:  #188-D: enumerated type mixed with another type
      return e->code & ~LV_EVENT_PREPROCESS;
..\lvgl\lvgl\src\core\lv_event.c: 1 warning, 0 errors
compiling lv_indev.c...
compiling lv_indev_scroll.c...
compiling lv_obj_class.c...
compiling lv_obj_draw.c...
..\lvgl\lvgl\src\core\lv_obj_draw.c(392): warning:  #188-D: enumerated type mixed with another type
      if(obj->spec_attr) return obj->spec_attr->layer_type;
..\lvgl\lvgl\src\core\lv_obj_draw.c: 1 warning, 0 errors
compiling lv_obj.c...
compiling lv_obj_scroll.c...
compiling lv_obj_tree.c...
compiling lv_obj_pos.c...
compiling lv_obj_style.c...
compiling lv_obj_style_gen.c...
compiling lv_draw.c...
compiling lv_draw_arc.c...
compiling lv_draw_img.c...
compiling lv_theme.c...
compiling lv_refr.c...
compiling lv_draw_layer.c...
compiling lv_draw_label.c...
compiling lv_draw_line.c...
compiling lv_draw_rect.c...
compiling lv_draw_transform.c...
compiling lv_draw_triangle.c...
compiling lv_img_cache.c...
compiling lv_img_buf.c...
compiling lv_draw_mask.c...
compiling lv_draw_sw.c...
compiling lv_img_decoder.c...
compiling lv_draw_sw_dither.c...
compiling lv_draw_sw_arc.c...
compiling lv_draw_sw_gradient.c...
compiling lv_draw_sw_blend.c...
compiling lv_draw_sw_img.c...
compiling lv_draw_sw_layer.c...
compiling lv_draw_sw_letter.c...
compiling lv_draw_sw_polygon.c...
compiling lv_draw_sw_line.c...
compiling lv_draw_sw_transform.c...
compiling lv_flex.c...
compiling lv_ffmpeg.c...
compiling lv_draw_sw_rect.c...
..\lvgl\lvgl\src\draw\sw\lv_draw_sw_rect.c(238): warning:  #546-D: transfer of control bypasses initialization of:
            variable "mask_any_center"  (declared at line 285)
          goto bg_clean_up;
          ^
..\lvgl\lvgl\src\draw\sw\lv_draw_sw_rect.c: 1 warning, 0 errors
compiling lv_grid.c...
..\lvgl\lvgl\src\extra\layouts\grid\lv_grid.c(591): warning:  #188-D: enumerated type mixed with another type
      lv_grid_align_t col_align = get_cell_col_align(item);
..\lvgl\lvgl\src\extra\layouts\grid\lv_grid.c(592): warning:  #188-D: enumerated type mixed with another type
      lv_grid_align_t row_align = get_cell_row_align(item);
..\lvgl\lvgl\src\extra\layouts\grid\lv_grid.c: 2 warnings, 0 errors
compiling lv_freetype.c...
compiling lv_fs_fatfs.c...
compiling lv_fs_littlefs.c...
compiling lv_fs_posix.c...
compiling lv_fs_stdio.c...
compiling lv_fs_win32.c...
compiling gifdec.c...
compiling lv_gif.c...
compiling lodepng.c...
compiling lv_png.c...
compiling lv_qrcode.c...
compiling qrcodegen.c...
..\lvgl\lvgl\src\extra\libs\qrcode\qrcodegen.c(278): warning:  #188-D: enumerated type mixed with another type
  	applyMask(tempBuffer, qrcode, mask);
..\lvgl\lvgl\src\extra\libs\qrcode\qrcodegen.c(279): warning:  #188-D: enumerated type mixed with another type
  	drawFormatBits(ecl, mask, qrcode);
..\lvgl\lvgl\src\extra\libs\qrcode\qrcodegen.c: 2 warnings, 0 errors
compiling tjpgd.c...
compiling lv_rlottie.c...
compiling system_stm32f4xx.c...
compiling lv_gridnav.c...
compiling lv_sjpg.c...
compiling lv_snapshot.c...
compiling lv_monkey.c...
compiling lv_theme_basic.c...
compiling lv_animimg.c...
compiling lv_calendar_header_arrow.c...
compiling lv_theme_mono.c...
compiling lv_calendar_header_dropdown.c...
compiling lv_calendar.c...
compiling lv_theme_default.c...
..\lvgl\lvgl\src\extra\themes\default\lv_theme_default.c(213): warning:  #188-D: enumerated type mixed with another type
..\lvgl\lvgl\src\extra\themes\default\lv_theme_default.c: 1 warning, 0 errors
compiling main.c...
compiling gpio.c...
compiling lv_keyboard.c...
compiling bmp280.c...
compiling lv_imgbtn.c...
compiling funtion.c...
compiling usart.c...
compiling lv_list.c...
compiling spi.c...
compiling ft6336.c...
compiling lv_led.c...
compiling esp8266.c...
compiling lv_colorwheel.c...
compiling i2c.c...
compiling dma.c...
compiling led.c...
compiling touch.c...
compiling stm32f4xx_hal_msp.c...
compiling tim.c...
compiling stm32f4xx_it.c...
compiling adc.c...
compiling freertos.c...
../Core/Src/freertos.c(212): warning:  #181-D: argument is incompatible with corresponding format string conversion
  		sprintf(text, "{\\\"params\\\":{\\\"V\\\":%.2f,\\\"I\\\":%.2f,\\\"T\\\":%.2f,\\\"SOC\\\":%d%%,\\\"alarm\\\":%d}}",filtered_voltage, filtered_current, filtered_temperature, soc_estimate,level);
../Core/Src/freertos.c: 1 warning, 0 errors
compiling lv_menu.c...
compiling lcd.c...
compiling lv_msgbox.c...
compiling lv_chart.c...
compiling lv_meter.c...
compiling lv_spinner.c...
compiling lv_tileview.c...
compiling lv_font.c...
compiling lv_spinbox.c...
compiling lv_tabview.c...
compiling lv_win.c...
compiling lv_extra.c...
compiling lv_font_fmt_txt.c...
..\lvgl\lvgl\src\font\lv_font_fmt_txt.c(137): warning:  #111-D: statement is unreachable
      return NULL;
..\lvgl\lvgl\src\font\lv_font_fmt_txt.c: 1 warning, 0 errors
compiling lv_font_dejavu_16_persian_hebrew.c...
compiling lv_span.c...
..\lvgl\lvgl\src\extra\widgets\span\lv_span.c(901): warning:  #546-D: transfer of control bypasses initialization of:
            variable "align"  (declared at line 905)
              goto Next_line_init;
              ^
..\lvgl\lvgl\src\extra\widgets\span\lv_span.c: 1 warning, 0 errors
compiling lv_font_montserrat_8.c...
compiling lv_font_montserrat_10.c...
compiling lv_font_loader.c...
compiling lv_font_montserrat_12.c...
compiling lv_font_montserrat_12_subpx.c...
compiling lv_font_montserrat_14.c...
compiling lv_font_montserrat_16.c...
compiling lv_font_montserrat_18.c...
compiling lv_font_montserrat_20.c...
compiling lv_font_montserrat_22.c...
compiling lv_font_montserrat_24.c...
compiling lv_font_montserrat_26.c...
compiling lv_font_montserrat_28.c...
compiling lv_font_montserrat_28_compressed.c...
compiling lv_font_montserrat_30.c...
compiling lv_font_montserrat_32.c...
compiling lv_font_montserrat_34.c...
compiling lv_font_montserrat_36.c...
compiling lv_font_montserrat_38.c...
compiling lv_font_montserrat_40.c...
compiling lv_font_montserrat_42.c...
compiling lv_font_montserrat_44.c...
compiling lv_font_montserrat_46.c...
compiling lv_draw_sdl.c...
compiling lv_font_montserrat_48.c...
compiling lv_draw_sdl_arc.c...
compiling lv_font_unscii_8.c...
compiling lv_font_simsun_16_cjk.c...
compiling lv_gpu_arm2d.c...
compiling lv_font_unscii_16.c...
compiling lv_draw_sdl_bg.c...
compiling lv_draw_sdl_composite.c...
compiling lv_draw_sdl_img.c...
compiling lv_draw_sdl_label.c...
compiling lv_draw_sdl_layer.c...
compiling lv_draw_sdl_line.c...
compiling lv_draw_sdl_mask.c...
compiling lv_draw_sdl_polygon.c...
compiling lv_draw_sdl_rect.c...
compiling lv_draw_sdl_stack_blur.c...
compiling lv_draw_sdl_texture_cache.c...
compiling lv_draw_sdl_utils.c...
compiling lv_hal_tick.c...
..\lvgl\lvgl\src\hal\lv_hal_tick.c(77): warning:  #223-D: function "xTaskGetTickCount" declared implicitly
      return 
V_TICK_CUSTOM_SYS_TIME_EXPR;
..\lvgl\lvgl\src\hal\lv_hal_tick.c: 1 warning, 0 errors
compiling lv_hal_indev.c...
compiling lv_hal_disp.c...
..\lvgl\lvgl\src\hal\lv_hal_disp.c(582): warning:  #188-D: enumerated type mixed with another type
      return disp->driver->rotated;
..\lvgl\lvgl\src\hal\lv_hal_disp.c: 1 warning, 0 errors
compiling lv_anim.c...
compiling lv_anim_timeline.c...
compiling lv_async.c...
compiling lv_area.c...
compiling lv_bidi.c...
compiling lv_color.c...
compiling lv_gc.c...
compiling lv_fs.c...
compiling lv_ll.c...
compiling lv_log.c...
compiling lv_math.c...
compiling lv_lru.c...
..\lvgl\lvgl\src\misc\lv_lru.c(241): warning:  #68-D: integer conversion resulted in a change of sign
      uint32_t i = 0, min_index = -1;
..\lvgl\lvgl\src\misc\lv_lru.c(242): warning:  #68-D: integer conversion resulted in a change of sign
      uint64_t min_access_count = -1;
..\lvgl\lvgl\src\misc\lv_lru.c: 2 warnings, 0 errors
compiling lv_mem.c...
..\lvgl\lvgl\src\misc\lv_mem.c(325): warning:  #111-D: statement is unreachable
      return NULL;
..\lvgl\lvgl\src\misc\lv_mem.c: 1 warning, 0 errors
compiling lv_templ.c...
compiling lv_printf.c...
compiling lv_style.c...
..\lvgl\lvgl\src\misc\lv_style.c(214): warning:  #188-D: enumerated type mixed with another type
      return last_custom_prop_id;
..\lvgl\lvgl\src\misc\lv_style.c(219): warning:  #188-D: enumerated type mixed with another type
      return last_custom_prop_id - _LV_STYLE_LAST_BUILT_IN_PROP;
..\lvgl\lvgl\src\misc\lv_style.c(290): warning:  #188-D: enumerated type mixed with another type
      lv_style_set_prop_internal(style, prop | meta, null_style_value, lv_style_set_prop_meta_helper);
..\lvgl\lvgl\src\misc\lv_style.c: 3 warnings, 0 errors
compiling lv_style_gen.c...
compiling lv_timer.c...
compiling lv_tlsf.c...
..\lvgl\lvgl\src\misc\lv_tlsf.c(898): warning:  #68-D: integer conversion resulted in a change of sign
          offset_to_block(pool, -(int)block_header_overhead);
..\lvgl\lvgl\src\misc\lv_tlsf.c(1000): warning:  #68-D: integer conversion resulted in a change of sign
      block = offset_to_block(mem, -(tlsfptr_t)block_header_overhead);
..\lvgl\lvgl\src\misc\lv_tlsf.c(1018): warning:  #68-D: integer conversion resulted in a change of sign
      block_header_t * block = offset_to_block(pool, -(int)block_header_overhead);
..\lvgl\lvgl\src\misc\lv_tlsf.c: 3 warnings, 0 errors
compiling lv_txt_ap.c...
compiling lv_utils.c...
compiling lv_txt.c...
compiling lv_btn.c...
compiling lv_arc.c...
compiling lv_bar.c...
compiling lv_checkbox.c...
compiling lv_canvas.c...
compiling lv_objx_templ.c...
compiling lv_btnmatrix.c...
compiling lv_line.c...
compiling lv_dropdown.c...
compiling lv_img.c...
compiling lv_label.c...
compiling lv_roller.c...
compiling lv_slider.c...
compiling lv_switch.c...
compiling lv_demo_stress.c...
compiling lv_table.c...
compiling lv_textarea.c...
compiling lv_demo_music.c...
..\lvgl\lvgl\demos\music\lv_demo_music.c(34): warning:  #550-D: variable "ctrl"  was set but never used
  static lv_obj_t * ctrl;
..\lvgl\lvgl\demos\music\lv_demo_music.c(35): warning:  #550-D: variable "list"  was set but never used
  static lv_obj_t * list;
..\lvgl\lvgl\demos\music\lv_demo_music.c: 2 warnings, 0 errors
compiling lv_demo_music_list.c...
compiling img_lv_demo_music_btn_corner_large.c...
compiling img_lv_demo_music_btn_list_pause.c...
compiling lv_demo_music_main.c...
compiling img_lv_demo_music_btn_list_pause_large.c...
compiling img_lv_demo_music_btn_list_play.c...
compiling img_lv_demo_music_btn_list_play_large.c...
compiling img_lv_demo_music_btn_loop.c...
compiling img_lv_demo_music_btn_loop_large.c...
compiling img_lv_demo_music_btn_next.c...
compiling img_lv_demo_music_btn_next_large.c...
compiling img_lv_demo_music_btn_pause.c...
compiling img_lv_demo_music_btn_pause_large.c...
compiling img_lv_demo_music_btn_play.c...
compiling img_lv_demo_music_btn_play_large.c...
compiling img_lv_demo_music_btn_prev.c...
compiling img_lv_demo_music_btn_prev_large.c...
compiling img_lv_demo_music_btn_rnd.c...
compiling img_lv_demo_music_btn_rnd_large.c...
compiling img_lv_demo_music_corner_left.c...
compiling img_lv_demo_music_corner_left_large.c...
compiling img_lv_demo_music_corner_right.c...
compiling img_lv_demo_music_corner_right_large.c...
compiling img_lv_demo_music_cover_1.c...
compiling img_lv_demo_music_cover_2.c...
compiling img_lv_demo_music_cover_3.c...
compiling img_lv_demo_music_cover_1_large.c...
compiling img_lv_demo_music_icon_1.c...
compiling img_lv_demo_music_icon_1_large.c...
compiling img_lv_demo_music_cover_2_large.c...
compiling img_lv_demo_music_icon_2.c...
compiling img_lv_demo_music_icon_2_large.c...
compiling img_lv_demo_music_cover_3_large.c...
compiling img_lv_demo_music_icon_3.c...
compiling img_lv_demo_music_icon_3_large.c...
compiling img_lv_demo_music_icon_4.c...
compiling img_lv_demo_music_icon_4_large.c...
compiling img_lv_demo_music_list_border.c...
compiling img_lv_demo_music_list_border_large.c...
compiling img_lv_demo_music_logo.c...
compiling img_lv_demo_music_slider_knob.c...
compiling img_lv_demo_music_slider_knob_large.c...
compiling img_lv_demo_music_wave_bottom.c...
compiling img_lv_demo_music_wave_bottom_large.c...
compiling img_lv_demo_music_wave_top.c...
compiling img_lv_demo_music_wave_top_large.c...
compiling custom.c...
compiling events_init.c...
compiling gui_guider.c...
compiling widgets_init.c...
compiling lv_customer_font_STKAITI_16.c...
compiling setup_scr_screen.c...
compiling lv_customer_font_STKAITI_26.c...
compiling lv_customer_font_STKAITI_38.c...
compiling lv_font_montserratMedium_16.c...
compiling lv_font_montserratMedium_26.c...
compiling lv_font_montserratMedium_28.c...
compiling lv_font_STKAITI_16.c...
compiling lv_font_montserratMedium_38.c...
compiling lv_font_montserratMedium_39.c...
compiling stm32f4xx_ll_adc.c...
compiling lv_font_STKAITI_26.c...
compiling lv_font_STKAITI_38.c...
compiling lv_font_STKAITI_39.c...
compiling croutine.c...
compiling event_groups.c...
compiling list.c...
compiling queue.c...
compiling stream_buffer.c...
compiling tasks.c...
compiling timers.c...
compiling lv_port_disp_template.c...
compiling stm32f4xx_hal_flash_ramfunc.c...
compiling lv_port_indev_template.c...
compiling stm32f4xx_hal_flash_ex.c...
compiling heap_4.c...
compiling stm32f4xx_hal_rcc_ex.c...
compiling stm32f4xx_hal_dma.c...
compiling stm32f4xx_hal_adc_ex.c...
compiling stm32f4xx_hal_pwr_ex.c...
compiling stm32f4xx_hal_flash.c...
compiling port.c...
compiling stm32f4xx_hal.c...
compiling stm32f4xx_hal_i2c_ex.c...
compiling stm32f4xx_hal_gpio.c...
compiling stm32f4xx_hal_pwr.c...
compiling stm32f4xx_hal_exti.c...
compiling stm32f4xx_hal_cortex.c...
compiling stm32f4xx_hal_adc.c...
compiling stm32f4xx_hal_rcc.c...
compiling stm32f4xx_hal_dma_ex.c...
compiling stm32f4xx_hal_uart.c...
compiling stm32f4xx_hal_tim_ex.c...
compiling stm32f4xx_hal_spi.c...
compiling stm32f4xx_hal_i2c.c...
compiling stm32f4xx_hal_tim.c...
compiling cmsis_os2.c...
linking...
Program Size: Code=181128 RO-data=218872 RW-data=792 ZI-data=97600  
FromELF: creating hex file...
"cxcy\cxcy.axf" - 0 Error(s), 24 Warning(s).

<h2>Software Packages used:</h2>

Package Vendor: ARM
                https://www.keil.com/pack/ARM.CMSIS.6.1.0.pack
                ARM::CMSIS@6.1.0
                CMSIS (Common Microcontroller Software Interface Standard)
   * Component: CORE Version: 6.1.0

Package Vendor: Keil
                https://www.keil.com/pack/Keil.STM32F4xx_DFP.3.1.0.pack
                Keil::STM32F4xx_DFP@3.1.0
                STMicroelectronics STM32F4 Series Device Support

<h2>Collection of Component include folders:</h2>
  ./RTE/_cxcy
  D:/MyStudy/pack/ARM/CMSIS/6.1.0/CMSIS/Core/Include

<h2>Collection of Component Files used:</h2>

   * Component: ARM::CMSIS:CORE@6.1.0
      Include file:  CMSIS/Core/Include/tz_context.h
Build Time Elapsed:  00:00:41
</pre>
</body>
</html>
